<html>
<body>
<pre>
<h1>µVision Build Log</h1>
<h2>Project:</h2>
F:\CD-LPC11C14\LPC1114 Test\mx7\project\mx7.uvproj
Project File Date:  02/22/2014

<h2>Output:</h2>
Build target 'mx7'
assembling startup_LPC11xx.s...
compiling core_cm0.c...
compiling AHB_clock_ctrl.c...
compiling lpc11cXX_gpio.c...
compiling system_LPC11xx.c...
compiling systick.c...
compiling test_clock_source.c...
compiling watchdog.c...
compiling main.c...
compiling lib.c...
compiling interrupt.c...
compiling remap_interrupt.c...
compiling uart_drv.c...
compiling retarget.c...
compiling mpu.c...
compiling mpu_rx.c...
compiling mpu_tx.c...
compiling main_power.c...
compiling mpu_power.c...
compiling can_power.c...
compiling message.c...
compiling can.c...
compiling can_drv.c...
compiling can_tx.c...
compiling can_rx.c...
linking...
Program Size: Code=14094 RO-data=534 RW-data=136 ZI-data=3080  
FromELF: creating hex file...
".\Obj\mx7.axf" - 0 Error(s), 0 Warning(s).
Build target 'mx7'
assembling startup_LPC11xx.s...
compiling core_cm0.c...
compiling AHB_clock_ctrl.c...
compiling lpc11cXX_gpio.c...
compiling system_LPC11xx.c...
compiling systick.c...
compiling test_clock_source.c...
compiling watchdog.c...
compiling main.c...
compiling lib.c...
compiling interrupt.c...
compiling remap_interrupt.c...
compiling uart_drv.c...
compiling retarget.c...
compiling mpu.c...
compiling mpu_rx.c...
compiling mpu_tx.c...
compiling main_power.c...
compiling mpu_power.c...
compiling can_power.c...
compiling message.c...
compiling can.c...
compiling can_drv.c...
compiling can_tx.c...
compiling can_rx.c...
linking...
Program Size: Code=14094 RO-data=534 RW-data=136 ZI-data=3080  
FromELF: creating hex file...
".\Obj\mx7.axf" - 0 Error(s), 0 Warning(s).
Build target 'mx7'
compiling AHB_clock_ctrl.c...
..\source\can\can.h(181): error:  #20: identifier "INT8U" is undefined
compiling lpc11cXX_gpio.c...
..\source\can\can.h(181): error:  #20: identifier "INT8U" is undefined
compiling system_LPC11xx.c...
..\source\can\can.h(181): error:  #20: identifier "INT8U" is undefined
compiling systick.c...
..\source\can\can.h(181): error:  #20: identifier "INT8U" is undefined
compiling test_clock_source.c...
..\source\can\can.h(181): error:  #20: identifier "INT8U" is undefined
compiling watchdog.c...
..\source\can\can.h(181): error:  #20: identifier "INT8U" is undefined
compiling main.c...
..\source\can\can.h(181): error:  #20: identifier "INT8U" is undefined
compiling lib.c...
..\source\can\can.h(181): error:  #20: identifier "INT8U" is undefined
compiling interrupt.c...
..\source\can\can.h(181): error:  #20: identifier "INT8U" is undefined
compiling remap_interrupt.c...
..\source\can\can.h(181): error:  #20: identifier "INT8U" is undefined
compiling uart_drv.c...
..\source\can\can.h(181): error:  #20: identifier "INT8U" is undefined
compiling retarget.c...
..\source\can\can.h(181): error:  #20: identifier "INT8U" is undefined
compiling mpu.c...
..\source\can\can.h(181): error:  #20: identifier "INT8U" is undefined
compiling mpu_rx.c...
..\source\can\can.h(181): error:  #20: identifier "INT8U" is undefined
compiling mpu_tx.c...
..\source\can\can.h(181): error:  #20: identifier "INT8U" is undefined
compiling main_power.c...
..\source\can\can.h(181): error:  #20: identifier "INT8U" is undefined
compiling mpu_power.c...
..\source\can\can.h(181): error:  #20: identifier "INT8U" is undefined
compiling can_power.c...
..\source\can\can.h(181): error:  #20: identifier "INT8U" is undefined
compiling message.c...
..\source\can\can.h(181): error:  #20: identifier "INT8U" is undefined
compiling can.c...
..\source\can\can.h(181): error:  #20: identifier "INT8U" is undefined
compiling can_drv.c...
..\source\can\can.h(181): error:  #20: identifier "INT8U" is undefined
compiling can_tx.c...
..\source\can\can.h(181): error:  #20: identifier "INT8U" is undefined
compiling can_rx.c...
..\source\can\can.h(181): error:  #20: identifier "INT8U" is undefined
Target not created
Build target 'mx7'
compiling AHB_clock_ctrl.c...
compiling lpc11cXX_gpio.c...
compiling system_LPC11xx.c...
compiling systick.c...
compiling test_clock_source.c...
compiling watchdog.c...
compiling main.c...
compiling lib.c...
compiling interrupt.c...
compiling remap_interrupt.c...
compiling uart_drv.c...
compiling retarget.c...
compiling mpu.c...
compiling mpu_rx.c...
compiling mpu_tx.c...
compiling main_power.c...
compiling mpu_power.c...
compiling can_power.c...
compiling message.c...
compiling can.c...
compiling can_drv.c...
compiling can_tx.c...
compiling can_rx.c...
linking...
Program Size: Code=14094 RO-data=534 RW-data=136 ZI-data=3080  
FromELF: creating hex file...
".\Obj\mx7.axf" - 0 Error(s), 0 Warning(s).
Build target 'mx7'
compiling AHB_clock_ctrl.c...
compiling lpc11cXX_gpio.c...
compiling system_LPC11xx.c...
compiling systick.c...
compiling test_clock_source.c...
compiling watchdog.c...
compiling main.c...
compiling lib.c...
compiling interrupt.c...
compiling remap_interrupt.c...
compiling uart_drv.c...
compiling retarget.c...
compiling mpu.c...
compiling mpu_rx.c...
compiling mpu_tx.c...
compiling main_power.c...
compiling mpu_power.c...
compiling can_power.c...
compiling message.c...
compiling can.c...
compiling can_drv.c...
compiling can_tx.c...
compiling can_rx.c...
linking...
Program Size: Code=14094 RO-data=534 RW-data=136 ZI-data=3080  
FromELF: creating hex file...
".\Obj\mx7.axf" - 0 Error(s), 0 Warning(s).
Build target 'mx7'
compiling AHB_clock_ctrl.c...
compiling lpc11cXX_gpio.c...
compiling system_LPC11xx.c...
compiling systick.c...
compiling test_clock_source.c...
compiling watchdog.c...
compiling main.c...
compiling lib.c...
compiling interrupt.c...
compiling remap_interrupt.c...
compiling uart_drv.c...
compiling retarget.c...
compiling mpu.c...
compiling mpu_rx.c...
compiling mpu_tx.c...
compiling main_power.c...
compiling mpu_power.c...
compiling can_power.c...
compiling message.c...
compiling can.c...
compiling can_drv.c...
compiling can_tx.c...
compiling can_rx.c...
linking...
Program Size: Code=14094 RO-data=534 RW-data=136 ZI-data=3080  
FromELF: creating hex file...
".\Obj\mx7.axf" - 0 Error(s), 0 Warning(s).
Build target 'mx7'
assembling startup_LPC11xx.s...
compiling core_cm0.c...
compiling AHB_clock_ctrl.c...
compiling lpc11cXX_gpio.c...
compiling system_LPC11xx.c...
compiling systick.c...
compiling test_clock_source.c...
compiling watchdog.c...
compiling main.c...
compiling lib.c...
compiling interrupt.c...
compiling remap_interrupt.c...
compiling uart_drv.c...
compiling retarget.c...
compiling mpu.c...
compiling mpu_rx.c...
compiling mpu_tx.c...
compiling main_power.c...
compiling mpu_power.c...
compiling can_power.c...
compiling message.c...
compiling can.c...
compiling can_drv.c...
compiling can_tx.c...
compiling can_rx.c...
linking...
Program Size: Code=14094 RO-data=534 RW-data=136 ZI-data=3080  
FromELF: creating hex file...
".\Obj\mx7.axf" - 0 Error(s), 0 Warning(s).
Build target 'mx7'
assembling startup_LPC11xx.s...
compiling core_cm0.c...
compiling AHB_clock_ctrl.c...
compiling lpc11cXX_gpio.c...
compiling system_LPC11xx.c...
compiling systick.c...
compiling test_clock_source.c...
compiling watchdog.c...
compiling main.c...
compiling lib.c...
compiling interrupt.c...
compiling remap_interrupt.c...
compiling uart_drv.c...
compiling retarget.c...
compiling mpu.c...
compiling mpu_rx.c...
compiling mpu_tx.c...
compiling main_power.c...
compiling mpu_power.c...
compiling can_power.c...
compiling message.c...
compiling can.c...
compiling can_drv.c...
compiling can_tx.c...
compiling can_rx.c...
linking...
Program Size: Code=14094 RO-data=534 RW-data=136 ZI-data=3080  
FromELF: creating hex file...
".\Obj\mx7.axf" - 0 Error(s), 0 Warning(s).
