<html>
<body>
<pre>
<h1>µVision Build Log</h1>
<h2>Project:</h2>
F:\CD-LPC11C14\LPC1114 Test\mx7\project\mx7.uvproj
Project File Date:  01/10/2014

<h2>Output:</h2>
Build target 'mx7'
assembling startup_LPC11xx.s...
compiling core_cm0.c...
compiling AHB_clock_ctrl.c...
compiling lpc11cXX_gpio.c...
compiling system_LPC11xx.c...
compiling systick.c...
compiling test_clock_source.c...
compiling watchdog.c...
compiling main.c...
compiling interrupt.c...
compiling remap_interrupt.c...
linking...
Program Size: Code=3396 RO-data=224 RW-data=16 ZI-data=512  
FromELF: creating hex file...
".\Obj\mx7.axf" - 0 Error(s), 0 Warning(s).
Build target 'mx7'
assembling startup_LPC11xx.s...
compiling core_cm0.c...
compiling AHB_clock_ctrl.c...
compiling lpc11cXX_gpio.c...
compiling system_LPC11xx.c...
compiling systick.c...
compiling test_clock_source.c...
compiling watchdog.c...
compiling main.c...
compiling interrupt.c...
compiling remap_interrupt.c...
linking...
Program Size: Code=3396 RO-data=224 RW-data=16 ZI-data=512  
FromELF: creating hex file...
".\Obj\mx7.axf" - 0 Error(s), 0 Warning(s).
Load "F:\\CD-LPC11C14\\LPC1114 Test\\mx7\\project\\Obj\\mx7.AXF" 
Set JLink Project File to "F:\CD-LPC11C14\LPC1114 Test\mx7\project\JLinkSettings.ini"
 
JLink info:
------------
DLL: V4.35b, compiled Sep  2 2011 18:34:46
Firmware: J-Link ARM V8 compiled Jun  1 2012 09:22:18
Hardware: V8.00
S/N : 20100214 
Feature(s) : RDI,FlashDL,FlashBP,JFlash,GDBFull 
 
* JLink Info: TotalIRLen = ?, IRPrint = 0x..000000000000000000000000
**JLink Warning: CPU core not found.
Load "F:\\CD-LPC11C14\\LPC1114 Test\\mx7\\project\\Obj\\mx7.AXF" 
Set JLink Project File to "F:\CD-LPC11C14\LPC1114 Test\mx7\project\JLinkSettings.ini"
 
JLink info:
------------
DLL: V4.35b, compiled Sep  2 2011 18:34:46
Firmware: J-Link ARM V8 compiled Jun  1 2012 09:22:18
Hardware: V8.00
S/N : 20100214 
Feature(s) : RDI,FlashDL,FlashBP,JFlash,GDBFull 
 
* JLink Info: Found SWD-DP with ID 0x0BB11477
* JLink Info:   FPUnit: 4 code (BP) slots and 0 literal slots
* JLink Info: Found Cortex-M0 r0p0, Little endian.
ROMTableAddr = 0xE00FF003
* JLink Info: Found SWD-DP with ID 0x0BB11477
* JLink Info:   FPUnit: 4 code (BP) slots and 0 literal slots
* JLink Info: Found Cortex-M0 r0p0, Little endian.
 
Target info:
------------
Device: LPC11C24/301
VTarget = 3.351V
State of Pins: 
TCK: 0, TDI: 0, TDO: 0, TMS: 1, TRES: 1, TRST: 1
Hardware-Breakpoints: 4
Software-Breakpoints: 8192
Watchpoints:          2
JTAG speed: 2000 kHz
 
Erase Done.
Programming Done.
Verify OK.
Build target 'mx7'
assembling startup_LPC11xx.s...
compiling core_cm0.c...
compiling AHB_clock_ctrl.c...
compiling lpc11cXX_gpio.c...
compiling system_LPC11xx.c...
compiling systick.c...
compiling test_clock_source.c...
compiling watchdog.c...
compiling main.c...
compiling interrupt.c...
compiling remap_interrupt.c...
linking...
Program Size: Code=3412 RO-data=224 RW-data=16 ZI-data=512  
FromELF: creating hex file...
".\Obj\mx7.axf" - 0 Error(s), 0 Warning(s).
Load "F:\\CD-LPC11C14\\LPC1114 Test\\mx7\\project\\Obj\\mx7.AXF" 
Set JLink Project File to "F:\CD-LPC11C14\LPC1114 Test\mx7\project\JLinkSettings.ini"
 
JLink info:
------------
DLL: V4.35b, compiled Sep  2 2011 18:34:46
Firmware: J-Link ARM V8 compiled Jun  1 2012 09:22:18
Hardware: V8.00
S/N : 20100214 
Feature(s) : RDI,FlashDL,FlashBP,JFlash,GDBFull 
 
* JLink Info: Found SWD-DP with ID 0x0BB11477
* JLink Info:   FPUnit: 4 code (BP) slots and 0 literal slots
* JLink Info: Found Cortex-M0 r0p0, Little endian.
ROMTableAddr = 0xE00FF003
* JLink Info: Found SWD-DP with ID 0x0BB11477
* JLink Info:   FPUnit: 4 code (BP) slots and 0 literal slots
* JLink Info: Found Cortex-M0 r0p0, Little endian.
 
Target info:
------------
Device: LPC11C24/301
VTarget = 3.358V
State of Pins: 
TCK: 0, TDI: 0, TDO: 0, TMS: 1, TRES: 1, TRST: 1
Hardware-Breakpoints: 4
Software-Breakpoints: 8192
Watchpoints:          2
JTAG speed: 2000 kHz
 
Erase Done.
Programming Done.
Verify OK.
Build target 'mx7'
assembling startup_LPC11xx.s...
compiling core_cm0.c...
compiling AHB_clock_ctrl.c...
compiling lpc11cXX_gpio.c...
compiling system_LPC11xx.c...
compiling systick.c...
compiling test_clock_source.c...
compiling watchdog.c...
compiling main.c...
compiling interrupt.c...
compiling remap_interrupt.c...
linking...
Program Size: Code=3412 RO-data=224 RW-data=16 ZI-data=512  
FromELF: creating hex file...
".\Obj\mx7.axf" - 0 Error(s), 0 Warning(s).
Build target 'mx7'
assembling startup_LPC11xx.s...
compiling core_cm0.c...
compiling AHB_clock_ctrl.c...
compiling lpc11cXX_gpio.c...
compiling system_LPC11xx.c...
compiling systick.c...
compiling test_clock_source.c...
compiling watchdog.c...
compiling main.c...
compiling interrupt.c...
compiling remap_interrupt.c...
linking...
Program Size: Code=3412 RO-data=224 RW-data=16 ZI-data=512  
FromELF: creating hex file...
".\Obj\mx7.axf" - 0 Error(s), 0 Warning(s).
Load "F:\\CD-LPC11C14\\LPC1114 Test\\mx7\\project\\Obj\\mx7.AXF" 
Set JLink Project File to "F:\CD-LPC11C14\LPC1114 Test\mx7\project\JLinkSettings.ini"
 
JLink info:
------------
DLL: V4.35b, compiled Sep  2 2011 18:34:46
Firmware: J-Link ARM V8 compiled Jun  1 2012 09:22:18
Hardware: V8.00
S/N : 20100214 
Feature(s) : RDI,FlashDL,FlashBP,JFlash,GDBFull 
 
* JLink Info: Found SWD-DP with ID 0x0BB11477
* JLink Info:   FPUnit: 4 code (BP) slots and 0 literal slots
* JLink Info: Found Cortex-M0 r0p0, Little endian.
ROMTableAddr = 0xE00FF003
* JLink Info: Found SWD-DP with ID 0x0BB11477
* JLink Info:   FPUnit: 4 code (BP) slots and 0 literal slots
* JLink Info: Found Cortex-M0 r0p0, Little endian.
 
Target info:
------------
Device: LPC11C24/301
VTarget = 3.358V
State of Pins: 
TCK: 0, TDI: 0, TDO: 0, TMS: 1, TRES: 1, TRST: 1
Hardware-Breakpoints: 4
Software-Breakpoints: 8192
Watchpoints:          2
JTAG speed: 2000 kHz
 
Erase Done.
Programming Done.
Verify OK.
Build target 'mx7'
assembling startup_LPC11xx.s...
compiling core_cm0.c...
compiling AHB_clock_ctrl.c...
compiling lpc11cXX_gpio.c...
compiling system_LPC11xx.c...
compiling systick.c...
compiling test_clock_source.c...
compiling watchdog.c...
compiling main.c...
compiling interrupt.c...
compiling remap_interrupt.c...
linking...
Program Size: Code=3240 RO-data=224 RW-data=16 ZI-data=512  
FromELF: creating hex file...
".\Obj\mx7.axf" - 0 Error(s), 0 Warning(s).
Load "F:\\CD-LPC11C14\\LPC1114 Test\\mx7\\project\\Obj\\mx7.AXF" 
Set JLink Project File to "F:\CD-LPC11C14\LPC1114 Test\mx7\project\JLinkSettings.ini"
 
JLink info:
------------
DLL: V4.35b, compiled Sep  2 2011 18:34:46
Firmware: J-Link ARM V8 compiled Jun  1 2012 09:22:18
Hardware: V8.00
S/N : 20100214 
Feature(s) : RDI,FlashDL,FlashBP,JFlash,GDBFull 
 
* JLink Info: Found SWD-DP with ID 0x0BB11477
* JLink Info:   FPUnit: 4 code (BP) slots and 0 literal slots
* JLink Info: Found Cortex-M0 r0p0, Little endian.
ROMTableAddr = 0xE00FF003
* JLink Info: Found SWD-DP with ID 0x0BB11477
* JLink Info:   FPUnit: 4 code (BP) slots and 0 literal slots
* JLink Info: Found Cortex-M0 r0p0, Little endian.
 
Target info:
------------
Device: LPC11C24/301
VTarget = 3.364V
State of Pins: 
TCK: 0, TDI: 1, TDO: 1, TMS: 1, TRES: 1, TRST: 1
Hardware-Breakpoints: 4
Software-Breakpoints: 8192
Watchpoints:          2
JTAG speed: 2000 kHz
 
Erase Done.
Programming Done.
Verify OK.
Build target 'mx7'
assembling startup_LPC11xx.s...
compiling core_cm0.c...
compiling AHB_clock_ctrl.c...
compiling lpc11cXX_gpio.c...
compiling system_LPC11xx.c...
compiling systick.c...
compiling test_clock_source.c...
compiling watchdog.c...
compiling main.c...
compiling interrupt.c...
compiling remap_interrupt.c...
linking...
Program Size: Code=3232 RO-data=224 RW-data=16 ZI-data=512  
FromELF: creating hex file...
".\Obj\mx7.axf" - 0 Error(s), 0 Warning(s).
Load "F:\\CD-LPC11C14\\LPC1114 Test\\mx7\\project\\Obj\\mx7.AXF" 
Set JLink Project File to "F:\CD-LPC11C14\LPC1114 Test\mx7\project\JLinkSettings.ini"
 
JLink info:
------------
DLL: V4.35b, compiled Sep  2 2011 18:34:46
Firmware: J-Link ARM V8 compiled Jun  1 2012 09:22:18
Hardware: V8.00
S/N : 20100214 
Feature(s) : RDI,FlashDL,FlashBP,JFlash,GDBFull 
 
* JLink Info: Found SWD-DP with ID 0x0BB11477
* JLink Info:   FPUnit: 4 code (BP) slots and 0 literal slots
* JLink Info: Found Cortex-M0 r0p0, Little endian.
ROMTableAddr = 0xE00FF003
* JLink Info: Found SWD-DP with ID 0x0BB11477
* JLink Info:   FPUnit: 4 code (BP) slots and 0 literal slots
* JLink Info: Found Cortex-M0 r0p0, Little endian.
 
Target info:
------------
Device: LPC11C24/301
VTarget = 3.351V
State of Pins: 
TCK: 0, TDI: 0, TDO: 0, TMS: 1, TRES: 1, TRST: 1
Hardware-Breakpoints: 4
Software-Breakpoints: 8192
Watchpoints:          2
JTAG speed: 2000 kHz
 
Erase Done.
Programming Done.
Verify OK.
Build target 'mx7'
assembling startup_LPC11xx.s...
compiling core_cm0.c...
compiling AHB_clock_ctrl.c...
compiling lpc11cXX_gpio.c...
compiling system_LPC11xx.c...
compiling systick.c...
compiling test_clock_source.c...
compiling watchdog.c...
compiling main.c...
compiling interrupt.c...
compiling remap_interrupt.c...
linking...
Program Size: Code=3248 RO-data=224 RW-data=16 ZI-data=512  
FromELF: creating hex file...
".\Obj\mx7.axf" - 0 Error(s), 0 Warning(s).
Build target 'mx7'
assembling startup_LPC11xx.s...
compiling core_cm0.c...
compiling AHB_clock_ctrl.c...
compiling lpc11cXX_gpio.c...
compiling system_LPC11xx.c...
compiling systick.c...
compiling test_clock_source.c...
compiling watchdog.c...
compiling main.c...
compiling interrupt.c...
compiling remap_interrupt.c...
linking...
Program Size: Code=3248 RO-data=224 RW-data=16 ZI-data=512  
FromELF: creating hex file...
".\Obj\mx7.axf" - 0 Error(s), 0 Warning(s).
Load "F:\\CD-LPC11C14\\LPC1114 Test\\mx7\\project\\Obj\\mx7.AXF" 
Set JLink Project File to "F:\CD-LPC11C14\LPC1114 Test\mx7\project\JLinkSettings.ini"
 
JLink info:
------------
DLL: V4.35b, compiled Sep  2 2011 18:34:46
Firmware: J-Link ARM V8 compiled Jun  1 2012 09:22:18
Hardware: V8.00
S/N : 20100214 
Feature(s) : RDI,FlashDL,FlashBP,JFlash,GDBFull 
 
* JLink Info: Found SWD-DP with ID 0x0BB11477
* JLink Info:   FPUnit: 4 code (BP) slots and 0 literal slots
* JLink Info: Found Cortex-M0 r0p0, Little endian.
ROMTableAddr = 0xE00FF003
* JLink Info: Found SWD-DP with ID 0x0BB11477
* JLink Info:   FPUnit: 4 code (BP) slots and 0 literal slots
* JLink Info: Found Cortex-M0 r0p0, Little endian.
 
Target info:
------------
Device: LPC11C24/301
VTarget = 3.364V
State of Pins: 
TCK: 0, TDI: 0, TDO: 0, TMS: 1, TRES: 1, TRST: 1
Hardware-Breakpoints: 4
Software-Breakpoints: 8192
Watchpoints:          2
JTAG speed: 2000 kHz
 
Erase Done.
Programming Done.
Verify OK.
Build target 'mx7'
assembling startup_LPC11xx.s...
compiling core_cm0.c...
compiling AHB_clock_ctrl.c...
compiling lpc11cXX_gpio.c...
compiling system_LPC11xx.c...
compiling systick.c...
compiling test_clock_source.c...
compiling watchdog.c...
compiling main.c...
compiling interrupt.c...
compiling remap_interrupt.c...
linking...
Program Size: Code=3232 RO-data=224 RW-data=16 ZI-data=512  
FromELF: creating hex file...
".\Obj\mx7.axf" - 0 Error(s), 0 Warning(s).
