ARM Linker, 4.1 [Build 791] [Standard]

==============================================================================

Section Cross References

    startup_lpc11xx.o(RESET) refers to startup_lpc11xx.o(STACK) for __initial_sp
    startup_lpc11xx.o(RESET) refers to startup_lpc11xx.o(.text) for Reset_Handler
    startup_lpc11xx.o(RESET) refers to remap_interrupt.o(.text) for NMI_Handler
    startup_lpc11xx.o(.text) refers to entry.o(.ARM.Collect$$$$00000000) for __main
    lpc11cxx_gpio.o(.text) refers to ahb_clock_ctrl.o(.text) for AHB_clock_enable
    system_lpc11xx.o(.text) refers to ahb_clock_ctrl.o(.text) for AHB_clock_enable
    system_lpc11xx.o(.text) refers to system_lpc11xx.o(.data) for main_clock_frequency
    systick.o(.text) refers to uidiv.o(.text) for __aeabi_uidivmod
    systick.o(.text) refers to main.o(.text) for timer_4ms
    systick.o(.text) refers to system_lpc11xx.o(.data) for system_clock_frequency
    systick.o(.text) refers to systick.o(.data) for n_scheduler_timer0
    test_clock_source.o(.text) refers to system_lpc11xx.o(.text) for output_clock_setup
    watchdog.o(.text) refers to ahb_clock_ctrl.o(.text) for AHB_clock_enable
    main.o(.text) refers to lpc11cxx_gpio.o(.text) for gpio_data_value_turn
    main.o(.text) refers to main_power.o(.text) for power_timer_1s
    main.o(.text) refers to can.o(.text) for can_timer_100ms
    main.o(.text) refers to mpu.o(.text) for mpu_main
    main.o(.text) refers to system_lpc11xx.o(.text) for system_init
    main.o(.text) refers to systick.o(.text) for systick_config
    main.o(.text) refers to test_clock_source.o(.text) for config_output_clock
    main.o(.text) refers to uart_drv.o(.text) for uart_init
    main.o(.text) refers to watchdog.o(.text) for watchdog_enable
    main.o(.text) refers to main.o(.data) for _100ms_counter_3
    main.o(.text) refers to systick.o(.data) for n_scheduler_timer0
    lib.o(.text) refers to idiv.o(.text) for __aeabi_idivmod
    lib.o(.text) refers to lib.o(.constdata) for hex2bcd
    interrupt.o(.text) refers to systick.o(.text) for isr_systick
    interrupt.o(.text) refers to can.o(.text) for isr_can
    interrupt.o(.text) refers to uart_drv.o(.text) for isr_uart
    interrupt.o(.text) refers to watchdog.o(.text) for isr_watchdog
    interrupt.o(.text) refers to can.o(.data) for GptCanNode0
    remap_interrupt.o(.text) refers to interrupt.o(.text) for remap_nmi_handler
    uart_drv.o(.text) refers to ahb_clock_ctrl.o(.text) for AHB_clock_enable
    uart_drv.o(.text) refers to uidiv.o(.text) for __aeabi_uidivmod
    uart_drv.o(.text) refers to idiv.o(.text) for __aeabi_idivmod
    uart_drv.o(.text) refers to system_lpc11xx.o(.data) for system_clock_frequency
    uart_drv.o(.text) refers to uart_drv.o(.bss) for mpu_data
    mpu.o(.text) refers to message.o(.text) for clear_message
    mpu.o(.text) refers to mpu_power.o(.text) for mpu_power_ready
    mpu.o(.text) refers to uart_drv.o(.text) for uart_init
    mpu.o(.text) refers to mpu_rx.o(.text) for mpu_rx_buffer_analyse
    mpu.o(.text) refers to mpu_tx.o(.text) for mpu_tx_handle
    mpu.o(.text) refers to mpu.o(.data) for mpu_main_status
    mpu.o(.text) refers to uart_drv.o(.bss) for mpu_data
    mpu_rx.o(.text) refers to uart_drv.o(.text) for uart_rx_frame_buff_full
    mpu_rx.o(.text) refers to idiv.o(.text) for __aeabi_idivmod
    mpu_rx.o(.text) refers to lib.o(.text) for strncpy
    mpu_rx.o(.text) refers to can.o(.text) for can_circulation_buffer_write
    mpu_rx.o(.text) refers to mpu.o(.text) for mpu_to_can_cmd
    mpu_rx.o(.text) refers to uart_drv.o(.bss) for mpu_data
    mpu_rx.o(.text) refers to mpu_rx.o(.data) for mpu_rx_timer
    mpu_rx.o(.text) refers to can.o(.data) for GtCanTxCirBuf
    mpu_tx.o(.text) refers to idiv.o(.text) for __aeabi_idivmod
    mpu_tx.o(.text) refers to uart_drv.o(.text) for uart_tx_buffer_space
    mpu_tx.o(.text) refers to lib.o(.text) for MEMSET
    mpu_tx.o(.text) refers to uart_drv.o(.bss) for mpu_data
    mpu_tx.o(.text) refers to mpu.o(.bss) for mpu_tx_buffer
    main_power.o(.text) refers to mpu_power.o(.text) for mpu_power_manage
    main_power.o(.text) refers to can_power.o(.text) for can_power_manage
    main_power.o(.text) refers to main_power.o(i.__ARM_common_switch8) for __ARM_common_switch8
    main_power.o(.text) refers to main_power.o(.data) for power_state_timer
    mpu_power.o(.text) refers to uart_drv.o(.text) for uart_disable
    mpu_power.o(.text) refers to main_power.o(.text) for main_power_state
    mpu_power.o(.text) refers to main_power.o(i.__ARM_common_switch8) for __ARM_common_switch8
    mpu_power.o(.text) refers to mpu_power.o(.data) for mpu_power_state
    mpu_power.o(.text) refers to mpu.o(.data) for mpu_main_status
    can_power.o(.text) refers to main_power.o(.text) for main_power_state
    can_power.o(.text) refers to main_power.o(i.__ARM_common_switch8) for __ARM_common_switch8
    can_power.o(.text) refers to can_power.o(.data) for can_power_state
    can_power.o(.text) refers to can.o(.data) for can_main_status
    message.o(.text) refers to message.o(.bss) for msg_queue
    message.o(.text) refers to message.o(.data) for msg
    can.o(.text) refers to can_drv.o(.emb_text) for __enterCirtical
    can.o(.text) refers to can_drv.o(.text) for can_enable
    can.o(.text) refers to message.o(.text) for clear_message
    can.o(.text) refers to can_power.o(.text) for can_power_ready
    can.o(.text) refers to can.o(.data) for GptCanNode0
    can.o(.text) refers to can.o(.constdata) for CANBitClkSettings
    can.o(.text) refers to can_rx.o(.text) for can_rx_handle
    can.o(.text) refers to can_tx.o(.text) for can_tx_handle
    can.o(.data) refers to can.o(.bss) for GtCanFrameReBuf
    can_drv.o(.text) refers to can_drv.o(.emb_text) for __enterCirtical
    can_drv.o(.text) refers to main_power.o(i.__ARM_common_switch8) for __ARM_common_switch8
    can_tx.o(.text) refers to can.o(.text) for can_data_send
    can_rx.o(.text) refers to uart_drv.o(.text) for mpu_rx_can_frame_buff_full
    can_rx.o(.text) refers to lib.o(.text) for strncpy
    can_rx.o(.text) refers to can.o(.text) for can_to_mpu_cmd
    can_rx.o(.text) refers to uart_drv.o(.bss) for mpu_data
    entry.o(.ARM.Collect$$$$00000000) refers (Special) to entry7b.o(.ARM.Collect$$$$00000008) for _main_clock
    entry.o(.ARM.Collect$$$$00000000) refers (Special) to entry8.o(.ARM.Collect$$$$00000009) for _main_init
    entry.o(.ARM.Collect$$$$00000000) refers (Special) to entry5.o(.ARM.Collect$$$$00000004) for _main_scatterload
    entry.o(.ARM.Collect$$$$00000000) refers (Special) to entry2.o(.ARM.Collect$$$$00000001) for _main_stk
    idiv.o(.text) refers to uidiv.o(.text) for __aeabi_uidivmod
    entry2.o(.ARM.Collect$$$$00000001) refers to entry2.o(.ARM.Collect$$$$00002712) for __lit__00000000
    entry2.o(.ARM.Collect$$$$00002712) refers to startup_lpc11xx.o(STACK) for __initial_sp
    entry2.o(__vectab_stack_and_reset_area) refers to startup_lpc11xx.o(STACK) for __initial_sp
    entry2.o(__vectab_stack_and_reset_area) refers to entry.o(.ARM.Collect$$$$00000000) for __main
    entry5.o(.ARM.Collect$$$$00000004) refers to init.o(.text) for __scatterload
    entry8.o(.ARM.Collect$$$$00000009) refers to main.o(.text) for main
    init.o(.text) refers to entry5.o(.ARM.Collect$$$$00000004) for __main_after_scatterload


==============================================================================

Removing Unused input sections from the image.

    Removing startup_lpc11xx.o(HEAP), (0 bytes).
    Removing retarget.o(.text), (24 bytes).
    Removing mpu_tx.o(.constdata), (10 bytes).

3 unused section(s) (total 34 bytes) removed from the image.

==============================================================================

Image Symbol Table

    Local Symbols

    Symbol Name                              Value     Ov Type        Size  Object(Section)

    RESET                                    0x00000000   Section      192  startup_lpc11xx.o(RESET)
    ../../microlib/division.c                0x00000000   Number         0  uidiv.o ABSOLUTE
    ../../microlib/division.c                0x00000000   Number         0  idiv.o ABSOLUTE
    ../../microlib/init/entry.s              0x00000000   Number         0  entry5.o ABSOLUTE
    ../../microlib/init/entry.s              0x00000000   Number         0  entry.o ABSOLUTE
    ../../microlib/init/entry.s              0x00000000   Number         0  entry8.o ABSOLUTE
    ../../microlib/init/entry.s              0x00000000   Number         0  entry7b.o ABSOLUTE
    ../../microlib/init/entry.s              0x00000000   Number         0  entry2.o ABSOLUTE
    ../../microlib/init/entry.s              0x00000000   Number         0  entry7a.o ABSOLUTE
    ..\\source\\can\\can_drv.c               0x00000000   Number         0  can_drv.o ABSOLUTE
    ..\source\can\can.c                      0x00000000   Number         0  can.o ABSOLUTE
    ..\source\can\can_drv.c                  0x00000000   Number         0  can_drv.o ABSOLUTE
    ..\source\can\can_rx.c                   0x00000000   Number         0  can_rx.o ABSOLUTE
    ..\source\can\can_tx.c                   0x00000000   Number         0  can_tx.o ABSOLUTE
    ..\source\core_cm0\core_cm0.c            0x00000000   Number         0  core_cm0.o ABSOLUTE
    ..\source\debug\retarget.c               0x00000000   Number         0  retarget.o ABSOLUTE
    ..\source\interrupt\interrupt.c          0x00000000   Number         0  interrupt.o ABSOLUTE
    ..\source\interrupt\remap_interrupt.c    0x00000000   Number         0  remap_interrupt.o ABSOLUTE
    ..\source\main\lib.c                     0x00000000   Number         0  lib.o ABSOLUTE
    ..\source\main\main.c                    0x00000000   Number         0  main.o ABSOLUTE
    ..\source\mcu_drive\AHB_clock_ctrl.c     0x00000000   Number         0  ahb_clock_ctrl.o ABSOLUTE
    ..\source\mcu_drive\lpc11cXX_gpio.c      0x00000000   Number         0  lpc11cxx_gpio.o ABSOLUTE
    ..\source\mcu_drive\startup_LPC11xx.s    0x00000000   Number         0  startup_lpc11xx.o ABSOLUTE
    ..\source\mcu_drive\system_LPC11xx.c     0x00000000   Number         0  system_lpc11xx.o ABSOLUTE
    ..\source\mcu_drive\systick.c            0x00000000   Number         0  systick.o ABSOLUTE
    ..\source\mcu_drive\test_clock_source.c  0x00000000   Number         0  test_clock_source.o ABSOLUTE
    ..\source\mcu_drive\watchdog.c           0x00000000   Number         0  watchdog.o ABSOLUTE
    ..\source\message\message.c              0x00000000   Number         0  message.o ABSOLUTE
    ..\source\mpu\mpu.c                      0x00000000   Number         0  mpu.o ABSOLUTE
    ..\source\mpu\mpu_rx.c                   0x00000000   Number         0  mpu_rx.o ABSOLUTE
    ..\source\mpu\mpu_tx.c                   0x00000000   Number         0  mpu_tx.o ABSOLUTE
    ..\source\power\can_power.c              0x00000000   Number         0  can_power.o ABSOLUTE
    ..\source\power\main_power.c             0x00000000   Number         0  main_power.o ABSOLUTE
    ..\source\power\mpu_power.c              0x00000000   Number         0  mpu_power.o ABSOLUTE
    ..\source\uart\uart_drv.c                0x00000000   Number         0  uart_drv.o ABSOLUTE
    dc.s                                     0x00000000   Number         0  dc.o ABSOLUTE
    handlers.s                               0x00000000   Number         0  handlers.o ABSOLUTE
    init.s                                   0x00000000   Number         0  init.o ABSOLUTE
    .ARM.Collect$$$$00000000                 0x000000c0   Section        0  entry.o(.ARM.Collect$$$$00000000)
    .ARM.Collect$$$$00000001                 0x000000c0   Section        4  entry2.o(.ARM.Collect$$$$00000001)
    .ARM.Collect$$$$00000004                 0x000000c4   Section        4  entry5.o(.ARM.Collect$$$$00000004)
    .ARM.Collect$$$$00000008                 0x000000c8   Section        0  entry7b.o(.ARM.Collect$$$$00000008)
    .ARM.Collect$$$$00000009                 0x000000c8   Section        8  entry8.o(.ARM.Collect$$$$00000009)
    .ARM.Collect$$$$00002712                 0x000000d0   Section        4  entry2.o(.ARM.Collect$$$$00002712)
    __lit__00000000                          0x000000d0   Data           4  entry2.o(.ARM.Collect$$$$00002712)
    .emb_text                                0x000000d4   Section       12  can_drv.o(.emb_text)
    .text                                    0x000000e0   Section       28  startup_lpc11xx.o(.text)
    .text                                    0x000000fc   Section        0  ahb_clock_ctrl.o(.text)
    .text                                    0x00000120   Section        0  system_lpc11xx.o(.text)
    system_clock_setup                       0x00000121   Thumb Code    16  system_lpc11xx.o(.text)
    main_pll_clock_setup                     0x00000131   Thumb Code   120  system_lpc11xx.o(.text)
    system_oscillator_setup                  0x000001a9   Thumb Code    30  system_lpc11xx.o(.text)
    .text                                    0x00000228   Section        0  test_clock_source.o(.text)
    .text                                    0x00000234   Section        0  watchdog.o(.text)
    watchdog_feedvalue_relaod                0x00000235   Thumb Code    12  watchdog.o(.text)
    watchdog_workmode_set                    0x00000241   Thumb Code     8  watchdog.o(.text)
    watchdog_timer_set                       0x00000249   Thumb Code     8  watchdog.o(.text)
    watchdog_clock_setup                     0x00000251   Thumb Code    54  watchdog.o(.text)
    watchdog_config                          0x00000287   Thumb Code    26  watchdog.o(.text)
    i.__ARM_common_switch8                   0x000002e0   Section        0  main_power.o(i.__ARM_common_switch8)
    .ARM.__at_0x02FC                         0x000002fc   Section        4  startup_lpc11xx.o(.ARM.__at_0x02FC)
    .text                                    0x00000300   Section        0  lpc11cxx_gpio.o(.text)
    NVIC_DisableIRQ                          0x00000a79   Thumb Code    14  lpc11cxx_gpio.o(.text)
    .text                                    0x00000a9c   Section        0  systick.o(.text)
    systick_init                             0x00000a9d   Thumb Code    58  systick.o(.text)
    schedule_timer_4ms_init                  0x00000ad7   Thumb Code    26  systick.o(.text)
    NVIC_SetPriority                         0x00000b4f   Thumb Code   110  systick.o(.text)
    .text                                    0x00000be0   Section        0  main.o(.text)
    main_100ms_scheduler                     0x00000be1   Thumb Code    12  main.o(.text)
    timer_10s                                0x00000bed   Thumb Code    30  main.o(.text)
    timer_3s                                 0x00000c0b   Thumb Code    30  main.o(.text)
    timer_1s                                 0x00000c29   Thumb Code    36  main.o(.text)
    timer_100ms                              0x00000c4d   Thumb Code    12  main.o(.text)
    main_32ms_scheduler                      0x00000c59   Thumb Code     2  main.o(.text)
    main_12ms_scheduler                      0x00000c5b   Thumb Code    16  main.o(.text)
    main_4ms_scheduler                       0x00000c6b   Thumb Code     2  main.o(.text)
    start_up_init                            0x00000c6d   Thumb Code     2  main.o(.text)
    mcu_init                                 0x00000c6f   Thumb Code    24  main.o(.text)
    .text                                    0x00000d4c   Section        0  lib.o(.text)
    .text                                    0x0000113c   Section        0  interrupt.o(.text)
    .text                                    0x000011ac   Section        0  remap_interrupt.o(.text)
    .text                                    0x0000128c   Section        0  uart_drv.o(.text)
    .text                                    0x000014d4   Section        0  mpu.o(.text)
    mpu_hardware_init                        0x000014d7   Thumb Code    10  mpu.o(.text)
    .text                                    0x000015a4   Section        0  mpu_rx.o(.text)
    mpu_checksum                             0x000015a5   Thumb Code   312  mpu_rx.o(.text)
    cmd_null                                 0x000018ef   Thumb Code     2  mpu_rx.o(.text)
    transfer_data_to_can_tx_buff             0x000018f1   Thumb Code   188  mpu_rx.o(.text)
    .text                                    0x000019fc   Section        0  mpu_tx.o(.text)
    mpu_tx_start                             0x000019fd   Thumb Code    46  mpu_tx.o(.text)
    mpu_package_proc                         0x00001a2b   Thumb Code   176  mpu_tx.o(.text)
    mcu_mpu_cmd_null                         0x00001adb   Thumb Code     2  mpu_tx.o(.text)
    mcu_can_to_mpu_info_cfm                  0x00001add   Thumb Code    76  mpu_tx.o(.text)
    .text                                    0x00001b80   Section        0  main_power.o(.text)
    poweroff_start                           0x00001bb1   Thumb Code    14  main_power.o(.text)
    poweroff_enter                           0x00001bbf   Thumb Code    14  main_power.o(.text)
    .text                                    0x00001d28   Section        0  mpu_power.o(.text)
    mpu_reset_start                          0x00001d39   Thumb Code     2  mpu_power.o(.text)
    mpu_reset_end                            0x00001d3b   Thumb Code     2  mpu_power.o(.text)
    .text                                    0x00001e48   Section        0  can_power.o(.text)
    can_reset_start                          0x00001e59   Thumb Code     2  can_power.o(.text)
    can_reset_end                            0x00001e5b   Thumb Code     2  can_power.o(.text)
    .text                                    0x00001f64   Section        0  message.o(.text)
    .text                                    0x000021fc   Section        0  can.o(.text)
    can_node_state_check                     0x0000228d   Thumb Code   102  can.o(.text)
    can_hardware_init                        0x0000262b   Thumb Code    16  can.o(.text)
    can_circulation_buffer_malloc            0x00002775   Thumb Code    90  can.o(.text)
    .text                                    0x00002b68   Section        0  can_drv.o(.text)
    .text                                    0x0000363c   Section        0  can_tx.o(.text)
    mcu_can_cmd_null                         0x0000363d   Thumb Code     2  can_tx.o(.text)
    .text                                    0x00003664   Section        0  can_rx.o(.text)
    transfer_data_to_mpu_rx_can_buffer       0x00003665   Thumb Code   194  can_rx.o(.text)
    .text                                    0x00003738   Section        0  uidiv.o(.text)
    .text                                    0x00003764   Section        0  idiv.o(.text)
    .text                                    0x0000378c   Section       36  init.o(.text)
    i.__scatterload_copy                     0x000037b0   Section       14  handlers.o(i.__scatterload_copy)
    i.__scatterload_null                     0x000037be   Section        2  handlers.o(i.__scatterload_null)
    i.__scatterload_zeroinit                 0x000037c0   Section       14  handlers.o(i.__scatterload_zeroinit)
    .constdata                               0x000037ce   Section      100  lib.o(.constdata)
    .constdata                               0x00003834   Section      208  can.o(.constdata)
    .data                                    0x10000000   Section       12  system_lpc11xx.o(.data)
    .data                                    0x1000000c   Section        4  systick.o(.data)
    .data                                    0x10000010   Section        4  main.o(.data)
    _100ms_counter_1                         0x10000010   Data           1  main.o(.data)
    _100ms_counter_2                         0x10000011   Data           1  main.o(.data)
    _100ms_counter_3                         0x10000012   Data           1  main.o(.data)
    .data                                    0x10000014   Section        5  mpu.o(.data)
    mpu_msg_id                               0x10000014   Data           1  mpu.o(.data)
    mpu_msg_prm                              0x10000016   Data           2  mpu.o(.data)
    .data                                    0x10000019   Section        1  mpu_rx.o(.data)
    mpu_rx_timer                             0x10000019   Data           1  mpu_rx.o(.data)
    .data                                    0x1000001a   Section        5  main_power.o(.data)
    main_power_timer                         0x1000001c   Data           1  main_power.o(.data)
    power_state_timer                        0x1000001d   Data           1  main_power.o(.data)
    sleep_timer                              0x1000001e   Data           1  main_power.o(.data)
    .data                                    0x1000001f   Section        2  mpu_power.o(.data)
    mpu_power_timer                          0x1000001f   Data           1  mpu_power.o(.data)
    mpu_power_state                          0x10000020   Data           1  mpu_power.o(.data)
    .data                                    0x10000021   Section        2  can_power.o(.data)
    can_power_timer                          0x10000021   Data           1  can_power.o(.data)
    can_power_state                          0x10000022   Data           1  can_power.o(.data)
    .data                                    0x10000024   Section        8  message.o(.data)
    msg                                      0x10000024   Data           4  message.o(.data)
    msg                                      0x10000028   Data           4  message.o(.data)
    .data                                    0x1000002c   Section       92  can.o(.data)
    can_msg_id                               0x1000007c   Data           1  can.o(.data)
    can_msg_prm                              0x1000007e   Data           2  can.o(.data)
    .bss                                     0x10000088   Section      669  uart_drv.o(.bss)
    .bss                                     0x10000325   Section      110  mpu.o(.bss)
    .bss                                     0x10000394   Section      186  message.o(.bss)
    msg_queue                                0x10000394   Data         186  message.o(.bss)
    .bss                                     0x10000450   Section     1600  can.o(.bss)
    STACK                                    0x10000a90   Section      512  startup_lpc11xx.o(STACK)

    Global Symbols

    Symbol Name                              Value     Ov Type        Size  Object(Section)

    BuildAttributes$$THM_ISAv3M$S$PE$A:L22$X:L11$S22$IEEE1$IW$USESV6$~STKCKD$USESV7$~SHL$OSPACE$EBA8$MICROLIB$REQ8$PRES8$EABIv2 0x00000000   Number         0  anon$$obj.o ABSOLUTE
    __ARM_use_no_argv                        0x00000000   Number         0  main.o ABSOLUTE
    __Vectors                                0x00000000   Data           4  startup_lpc11xx.o(RESET)
    __decompress                              - Undefined Weak Reference
    _clock_init                               - Undefined Weak Reference
    __main                                   0x000000c1   Thumb Code     0  entry.o(.ARM.Collect$$$$00000000)
    _main_stk                                0x000000c1   Thumb Code     0  entry2.o(.ARM.Collect$$$$00000001)
    _main_scatterload                        0x000000c5   Thumb Code     0  entry5.o(.ARM.Collect$$$$00000004)
    __main_after_scatterload                 0x000000c9   Thumb Code     0  entry5.o(.ARM.Collect$$$$00000004)
    _main_clock                              0x000000c9   Thumb Code     0  entry7b.o(.ARM.Collect$$$$00000008)
    _main_init                               0x000000c9   Thumb Code     0  entry8.o(.ARM.Collect$$$$00000009)
    __enterCirtical                          0x000000d5   Thumb Code     8  can_drv.o(.emb_text)
    __intEnable                              0x000000dd   Thumb Code     4  can_drv.o(.emb_text)
    Reset_Handler                            0x000000e1   Thumb Code     4  startup_lpc11xx.o(.text)
    WAKEUP_IRQHandler                        0x000000f7   Thumb Code     0  startup_lpc11xx.o(.text)
    AHB_clock_enable                         0x000000fd   Thumb Code    16  ahb_clock_ctrl.o(.text)
    AHB_clock_disable                        0x0000010d   Thumb Code    16  ahb_clock_ctrl.o(.text)
    system_init                              0x000001c7   Thumb Code    28  system_lpc11xx.o(.text)
    output_clock_setup                       0x000001e3   Thumb Code    38  system_lpc11xx.o(.text)
    config_output_clock                      0x00000229   Thumb Code    10  test_clock_source.o(.text)
    watchdog_enable                          0x000002a1   Thumb Code     8  watchdog.o(.text)
    watchdog_disable                         0x000002a9   Thumb Code     2  watchdog.o(.text)
    watchdog_reset                           0x000002ab   Thumb Code     8  watchdog.o(.text)
    isr_watchdog                             0x000002b3   Thumb Code    26  watchdog.o(.text)
    __ARM_common_switch8                     0x000002e1   Thumb Code    28  main_power.o(i.__ARM_common_switch8)
    mcu_io_init                              0x00000301   Thumb Code   104  lpc11cxx_gpio.o(.text)
    gpio_direction_value_set                 0x00000369   Thumb Code   284  lpc11cxx_gpio.o(.text)
    gpio_data_value_set                      0x00000485   Thumb Code   284  lpc11cxx_gpio.o(.text)
    gpio_data_value_turn                     0x000005a1   Thumb Code   250  lpc11cxx_gpio.o(.text)
    gpio_data_value_get                      0x0000069b   Thumb Code   136  lpc11cxx_gpio.o(.text)
    gpio_interrupt_set                       0x00000723   Thumb Code   496  lpc11cxx_gpio.o(.text)
    gpio_interrupt_enable                    0x00000913   Thumb Code    88  lpc11cxx_gpio.o(.text)
    gpio_interrupt_disable                   0x0000096b   Thumb Code    88  lpc11cxx_gpio.o(.text)
    gpio_interrupt_satus_get                 0x000009c3   Thumb Code    94  lpc11cxx_gpio.o(.text)
    gpio_edge_interrupt_clear                0x00000a21   Thumb Code    88  lpc11cxx_gpio.o(.text)
    systick_config                           0x00000af1   Thumb Code    12  systick.o(.text)
    isr_systick                              0x00000afd   Thumb Code     8  systick.o(.text)
    schedule_timer_4ms                       0x00000b05   Thumb Code    74  systick.o(.text)
    main                                     0x00000c87   Thumb Code   156  main.o(.text)
    timer_4ms                                0x00000d23   Thumb Code     8  main.o(.text)
    FindBitLocationInBytes                   0x00000d4d   Thumb Code    12  lib.o(.text)
    Margin                                   0x00000d59   Thumb Code    16  lib.o(.text)
    Margin8                                  0x00000d69   Thumb Code    16  lib.o(.text)
    bcd2dec                                  0x00000d79   Thumb Code    22  lib.o(.text)
    itoa                                     0x00000d8f   Thumb Code    66  lib.o(.text)
    i16toa                                   0x00000dd1   Thumb Code   182  lib.o(.text)
    strclr                                   0x00000e87   Thumb Code    18  lib.o(.text)
    buffer_clr                               0x00000e99   Thumb Code    18  lib.o(.text)
    MEMSET                                   0x00000eab   Thumb Code    22  lib.o(.text)
    strlen                                   0x00000ec1   Thumb Code    18  lib.o(.text)
    strcpy                                   0x00000ed3   Thumb Code    20  lib.o(.text)
    strncpy                                  0x00000ee7   Thumb Code    20  lib.o(.text)
    strncpy_Int16u                           0x00000efb   Thumb Code    20  lib.o(.text)
    memcpy                                   0x00000f0f   Thumb Code    64  lib.o(.text)
    strcat                                   0x00000f4f   Thumb Code    30  lib.o(.text)
    strncat                                  0x00000f6d   Thumb Code    30  lib.o(.text)
    strcmp                                   0x00000f8b   Thumb Code    52  lib.o(.text)
    strncmp                                  0x00000fbf   Thumb Code    60  lib.o(.text)
    strlen_rom                               0x00000ffb   Thumb Code    18  lib.o(.text)
    strcpy_rom                               0x0000100d   Thumb Code    20  lib.o(.text)
    charcpy_rom                              0x00001021   Thumb Code    18  lib.o(.text)
    strncpy_rom                              0x00001033   Thumb Code    20  lib.o(.text)
    memcpy_rom                               0x00001047   Thumb Code    64  lib.o(.text)
    strcat_rom                               0x00001087   Thumb Code    30  lib.o(.text)
    strncat_rom                              0x000010a5   Thumb Code    30  lib.o(.text)
    strcmp_rom                               0x000010c3   Thumb Code    52  lib.o(.text)
    strncmp_rom                              0x000010f7   Thumb Code    60  lib.o(.text)
    remap_nmi_handler                        0x0000113d   Thumb Code     2  interrupt.o(.text)
    remap_hardfault_handler                  0x0000113f   Thumb Code     8  interrupt.o(.text)
    remap_memmanage_handler                  0x00001147   Thumb Code     8  interrupt.o(.text)
    remap_busfault_handler                   0x0000114f   Thumb Code     8  interrupt.o(.text)
    remap_usagefault_handler                 0x00001157   Thumb Code     8  interrupt.o(.text)
    remap_svc_handler                        0x0000115f   Thumb Code     2  interrupt.o(.text)
    remap_debugmon_handler                   0x00001161   Thumb Code     2  interrupt.o(.text)
    remap_pendsv_handler                     0x00001163   Thumb Code     2  interrupt.o(.text)
    remap_systick_handler                    0x00001165   Thumb Code     8  interrupt.o(.text)
    remap_can_irqhandler                     0x0000116d   Thumb Code    12  interrupt.o(.text)
    remap_ssp1_irqhandler                    0x00001179   Thumb Code     2  interrupt.o(.text)
    remap_i2c_irqhandler                     0x0000117b   Thumb Code     2  interrupt.o(.text)
    remap_timer16_0_irqhandler               0x0000117d   Thumb Code     2  interrupt.o(.text)
    remap_timer16_1_irqhandler               0x0000117f   Thumb Code     2  interrupt.o(.text)
    remap_timer32_0_irqhandler               0x00001181   Thumb Code     2  interrupt.o(.text)
    remap_timer32_1_irqhandler               0x00001183   Thumb Code     2  interrupt.o(.text)
    remap_ssp0_irqhandler                    0x00001185   Thumb Code     2  interrupt.o(.text)
    remap_uart_irqhandler                    0x00001187   Thumb Code     8  interrupt.o(.text)
    remap_usb_irqhandler                     0x0000118f   Thumb Code     2  interrupt.o(.text)
    remap_usb_fiqhandler                     0x00001191   Thumb Code     2  interrupt.o(.text)
    remap_adc_irqhandler                     0x00001193   Thumb Code     2  interrupt.o(.text)
    remap_wdt_irqhandler                     0x00001195   Thumb Code     8  interrupt.o(.text)
    remap_bod_irqhandler                     0x0000119d   Thumb Code     2  interrupt.o(.text)
    remap_fmc_irqhandler                     0x0000119f   Thumb Code     2  interrupt.o(.text)
    remap_pioint3_irqhandler                 0x000011a1   Thumb Code     2  interrupt.o(.text)
    remap_pioint2_irqhandler                 0x000011a3   Thumb Code     2  interrupt.o(.text)
    remap_pioint1_irqhandler                 0x000011a5   Thumb Code     2  interrupt.o(.text)
    remap_pioint0_irqhandler                 0x000011a7   Thumb Code     2  interrupt.o(.text)
    NMI_Handler                              0x000011ad   Thumb Code     8  remap_interrupt.o(.text)
    HardFault_Handler                        0x000011b5   Thumb Code     8  remap_interrupt.o(.text)
    MemManage_Handler                        0x000011bd   Thumb Code     8  remap_interrupt.o(.text)
    BusFault_Handler                         0x000011c5   Thumb Code     8  remap_interrupt.o(.text)
    UsageFault_Handler                       0x000011cd   Thumb Code     8  remap_interrupt.o(.text)
    SVC_Handler                              0x000011d5   Thumb Code     8  remap_interrupt.o(.text)
    DebugMon_Handler                         0x000011dd   Thumb Code     8  remap_interrupt.o(.text)
    PendSV_Handler                           0x000011e5   Thumb Code     8  remap_interrupt.o(.text)
    SysTick_Handler                          0x000011ed   Thumb Code     8  remap_interrupt.o(.text)
    CAN_IRQHandler                           0x000011f5   Thumb Code     8  remap_interrupt.o(.text)
    SSP1_IRQHandler                          0x000011fd   Thumb Code     8  remap_interrupt.o(.text)
    I2C_IRQHandler                           0x00001205   Thumb Code     8  remap_interrupt.o(.text)
    TIMER16_0_IRQHandler                     0x0000120d   Thumb Code     8  remap_interrupt.o(.text)
    TIMER16_1_IRQHandler                     0x00001215   Thumb Code     8  remap_interrupt.o(.text)
    TIMER32_0_IRQHandler                     0x0000121d   Thumb Code     8  remap_interrupt.o(.text)
    TIMER32_1_IRQHandler                     0x00001225   Thumb Code     8  remap_interrupt.o(.text)
    SSP0_IRQHandler                          0x0000122d   Thumb Code     8  remap_interrupt.o(.text)
    UART_IRQHandler                          0x00001235   Thumb Code     8  remap_interrupt.o(.text)
    USB_IRQHandler                           0x0000123d   Thumb Code     8  remap_interrupt.o(.text)
    USB_FIQHandler                           0x00001245   Thumb Code     8  remap_interrupt.o(.text)
    ADC_IRQHandler                           0x0000124d   Thumb Code     8  remap_interrupt.o(.text)
    WDT_IRQHandler                           0x00001255   Thumb Code     8  remap_interrupt.o(.text)
    BOD_IRQHandler                           0x0000125d   Thumb Code     8  remap_interrupt.o(.text)
    FMC_IRQHandler                           0x00001265   Thumb Code     8  remap_interrupt.o(.text)
    PIOINT3_IRQHandler                       0x0000126d   Thumb Code     8  remap_interrupt.o(.text)
    PIOINT2_IRQHandler                       0x00001275   Thumb Code     8  remap_interrupt.o(.text)
    PIOINT1_IRQHandler                       0x0000127d   Thumb Code     8  remap_interrupt.o(.text)
    PIOINT0_IRQHandler                       0x00001285   Thumb Code     8  remap_interrupt.o(.text)
    uart_init                                0x0000128d   Thumb Code   142  uart_drv.o(.text)
    uart_data_init                           0x0000131b   Thumb Code    36  uart_drv.o(.text)
    uart_enable                              0x0000133f   Thumb Code     8  uart_drv.o(.text)
    uart_disable                             0x00001347   Thumb Code    14  uart_drv.o(.text)
    uart_rx_frame_buff_full                  0x00001355   Thumb Code    60  uart_drv.o(.text)
    mpu_rx_can_frame_buff_full               0x00001391   Thumb Code    46  uart_drv.o(.text)
    uart_tx_buffer_space                     0x000013bf   Thumb Code    44  uart_drv.o(.text)
    isr_uart                                 0x000013eb   Thumb Code   200  uart_drv.o(.text)
    mpu_init                                 0x000014d5   Thumb Code     2  mpu.o(.text)
    mpu_main                                 0x000014e1   Thumb Code   160  mpu.o(.text)
    mpu_to_can_cmd                           0x00001581   Thumb Code    18  mpu.o(.text)
    mpu_rx_buffer_analyse                    0x000016dd   Thumb Code   530  mpu_rx.o(.text)
    mpu_rx_handle                            0x000019ad   Thumb Code    76  mpu_rx.o(.text)
    mpu_tx_handle                            0x00001b29   Thumb Code    70  mpu_tx.o(.text)
    power_timer_100ms                        0x00001b81   Thumb Code    20  main_power.o(.text)
    power_timer_1s                           0x00001b95   Thumb Code    20  main_power.o(.text)
    poweroff_request                         0x00001ba9   Thumb Code     4  main_power.o(.text)
    poweron_request                          0x00001bad   Thumb Code     4  main_power.o(.text)
    main_power_state                         0x00001bcd   Thumb Code    16  main_power.o(.text)
    power_manage                             0x00001bdd   Thumb Code   314  main_power.o(.text)
    mpu_reset                                0x00001d29   Thumb Code     8  mpu_power.o(.text)
    mpu_poweroff_delay                       0x00001d31   Thumb Code     8  mpu_power.o(.text)
    mpu_power_ready                          0x00001d3d   Thumb Code    16  mpu_power.o(.text)
    mpu_power_req                            0x00001d4d   Thumb Code    32  mpu_power.o(.text)
    mpu_power_manage                         0x00001d6d   Thumb Code   208  mpu_power.o(.text)
    can_reset                                0x00001e49   Thumb Code     8  can_power.o(.text)
    can_poweroff_delay                       0x00001e51   Thumb Code     8  can_power.o(.text)
    can_power_ready                          0x00001e5d   Thumb Code    16  can_power.o(.text)
    can_power_req                            0x00001e6d   Thumb Code    28  can_power.o(.text)
    can_power_manage                         0x00001e89   Thumb Code   208  can_power.o(.text)
    post_message                             0x00001f65   Thumb Code   118  message.o(.text)
    post_new_message                         0x00001fdb   Thumb Code   164  message.o(.text)
    insert_message                           0x0000207f   Thumb Code   136  message.o(.text)
    get_message                              0x00002107   Thumb Code   120  message.o(.text)
    query_message                            0x0000217f   Thumb Code    70  message.o(.text)
    clear_message                            0x000021c5   Thumb Code    22  message.o(.text)
    message_init                             0x000021db   Thumb Code    22  message.o(.text)
    can_circulation_buffer_read              0x000021fd   Thumb Code   106  can.o(.text)
    can_node_bus_on                          0x00002267   Thumb Code    38  can.o(.text)
    can_user_interrupt_control               0x000022f3   Thumb Code    64  can.o(.text)
    can_read_message_object_set              0x00002333   Thumb Code   610  can.o(.text)
    can_accept_filter_set                    0x00002595   Thumb Code    56  can.o(.text)
    can_user_init                            0x000025cd   Thumb Code    94  can.o(.text)
    can_main                                 0x0000263b   Thumb Code   222  can.o(.text)
    can_to_mpu_cmd                           0x00002719   Thumb Code    18  can.o(.text)
    can_timer_100ms                          0x0000272b   Thumb Code    26  can.o(.text)
    can_circulation_buffer_init              0x00002745   Thumb Code    48  can.o(.text)
    can_circulation_buffer_write             0x000027cf   Thumb Code    62  can.o(.text)
    can_node_create                          0x0000280d   Thumb Code    44  can.o(.text)
    can_node_call_back_set                   0x00002839   Thumb Code    12  can.o(.text)
    can_frame_send                           0x00002845   Thumb Code   116  can.o(.text)
    can_circulation_buffer_send              0x000028b9   Thumb Code    78  can.o(.text)
    isr_can                                  0x00002907   Thumb Code   562  can.o(.text)
    can_data_send                            0x00002b39   Thumb Code    40  can.o(.text)
    assert_param                             0x00002b69   Thumb Code     2  can_drv.o(.text)
    CANBaseValid                             0x00002b6b   Thumb Code    18  can_drv.o(.text)
    __canIntNumberGet                        0x00002b7d   Thumb Code    20  can_drv.o(.text)
    __canRegRead                             0x00002b91   Thumb Code    36  can_drv.o(.text)
    __canRegWrite                            0x00002bb5   Thumb Code    14  can_drv.o(.text)
    can_data_register_write                  0x00002bc3   Thumb Code    54  can_drv.o(.text)
    can_data_register_read                   0x00002bf9   Thumb Code    50  can_drv.o(.text)
    can_init                                 0x00002c2b   Thumb Code   168  can_drv.o(.text)
    can_enable                               0x00002cd3   Thumb Code    38  can_drv.o(.text)
    can_disable                              0x00002cf9   Thumb Code    40  can_drv.o(.text)
    can_bit_timing_get                       0x00002d21   Thumb Code   102  can_drv.o(.text)
    can_bit_timing_set                       0x00002d87   Thumb Code   260  can_drv.o(.text)
    interrupt_register                       0x00002e8b   Thumb Code     2  can_drv.o(.text)
    can_interrupt_register                   0x00002e8d   Thumb Code    52  can_drv.o(.text)
    can_interrupt_enable                     0x00002ec1   Thumb Code    60  can_drv.o(.text)
    can_interrupt_disable                    0x00002efd   Thumb Code    60  can_drv.o(.text)
    can_interrupt_status                     0x00002f39   Thumb Code   102  can_drv.o(.text)
    can_interrupt_clear                      0x00002f9f   Thumb Code   124  can_drv.o(.text)
    can_retry_set                            0x0000301b   Thumb Code    56  can_drv.o(.text)
    can_retry_get                            0x00003053   Thumb Code    38  can_drv.o(.text)
    can_status_get                           0x00003079   Thumb Code   146  can_drv.o(.text)
    can_err_cntr_get                         0x0000310b   Thumb Code    60  can_drv.o(.text)
    can_message_set                          0x00003147   Thumb Code   584  can_drv.o(.text)
    can_message_get                          0x0000338f   Thumb Code   576  can_drv.o(.text)
    can_message_clear                        0x000035cf   Thumb Code   102  can_drv.o(.text)
    can_tx_handle                            0x0000363f   Thumb Code    38  can_tx.o(.text)
    can_rx_handle                            0x00003727   Thumb Code    12  can_rx.o(.text)
    __aeabi_uidiv                            0x00003739   Thumb Code     0  uidiv.o(.text)
    __aeabi_uidivmod                         0x00003739   Thumb Code    44  uidiv.o(.text)
    __aeabi_idiv                             0x00003765   Thumb Code     0  idiv.o(.text)
    __aeabi_idivmod                          0x00003765   Thumb Code    40  idiv.o(.text)
    __scatterload                            0x0000378d   Thumb Code    28  init.o(.text)
    __scatterload_rt2                        0x0000378d   Thumb Code     0  init.o(.text)
    __scatterload_copy                       0x000037b1   Thumb Code    14  handlers.o(i.__scatterload_copy)
    __scatterload_null                       0x000037bf   Thumb Code     2  handlers.o(i.__scatterload_null)
    __scatterload_zeroinit                   0x000037c1   Thumb Code    14  handlers.o(i.__scatterload_zeroinit)
    hex2bcd                                  0x000037ce   Data         100  lib.o(.constdata)
    CANBitClkSettings                        0x00003834   Data         176  can.o(.constdata)
    GtCanFrameInit                           0x000038e4   Data          16  can.o(.constdata)
    GtCanFramTest                            0x000038f4   Data          16  can.o(.constdata)
    Region$$Table$$Base                      0x00003904   Number         0  anon$$obj.o(Region$$Table)
    Region$$Table$$Limit                     0x00003924   Number         0  anon$$obj.o(Region$$Table)
    clock_source                             0x10000000   Data           4  system_lpc11xx.o(.data)
    main_clock_frequency                     0x10000004   Data           4  system_lpc11xx.o(.data)
    system_clock_frequency                   0x10000008   Data           4  system_lpc11xx.o(.data)
    n_scheduler_timer0                       0x1000000c   Data           1  systick.o(.data)
    n_scheduler_timer1                       0x1000000d   Data           1  systick.o(.data)
    n_scheduler_timer2                       0x1000000e   Data           1  systick.o(.data)
    n_scheduler_timer3                       0x1000000f   Data           1  systick.o(.data)
    test_value                               0x10000013   Data           1  main.o(.data)
    mpu_main_status                          0x10000018   Data           1  mpu.o(.data)
    n_power_state                            0x1000001a   Data           1  main_power.o(.data)
    sys_init_state                           0x1000001b   Data           1  main_power.o(.data)
    GtCanReCirBuf                            0x1000002c   Data          20  can.o(.data)
    GtCanTxCirBuf                            0x10000040   Data          20  can.o(.data)
    tCanNode0                                0x10000054   Data          40  can.o(.data)
    can_main_status                          0x10000080   Data           1  can.o(.data)
    GptCanNode0                              0x10000084   Data           4  can.o(.data)
    mpu_data                                 0x10000088   Data         669  uart_drv.o(.bss)
    mpu_tx_buffer                            0x10000325   Data         110  mpu.o(.bss)
    GtCanFrameReBuf                          0x10000450   Data         800  can.o(.bss)
    GtCanFrameTxBuf                          0x10000770   Data         800  can.o(.bss)
    __initial_sp                             0x10000c90   Data           0  startup_lpc11xx.o(STACK)



==============================================================================

Memory Map of the image

  Image Entry point : 0x000000c1

  Load Region LR_IROM1 (Base: 0x00000000, Size: 0x000039ac, Max: 0x00008000, ABSOLUTE)

    Execution Region ER_IROM1 (Base: 0x00000000, Size: 0x00003924, Max: 0x00008000, ABSOLUTE)

    Base Addr    Size         Type   Attr      Idx    E Section Name        Object

    0x00000000   0x000000c0   Data   RO            3    RESET               startup_lpc11xx.o
    0x000000c0   0x00000000   Code   RO          481  * .ARM.Collect$$$$00000000  mc_p.l(entry.o)
    0x000000c0   0x00000004   Code   RO          488    .ARM.Collect$$$$00000001  mc_p.l(entry2.o)
    0x000000c4   0x00000004   Code   RO          491    .ARM.Collect$$$$00000004  mc_p.l(entry5.o)
    0x000000c8   0x00000000   Code   RO          493    .ARM.Collect$$$$00000008  mc_p.l(entry7b.o)
    0x000000c8   0x00000008   Code   RO          494    .ARM.Collect$$$$00000009  mc_p.l(entry8.o)
    0x000000d0   0x00000004   Code   RO          489    .ARM.Collect$$$$00002712  mc_p.l(entry2.o)
    0x000000d4   0x0000000c   Code   RO          438    .emb_text           can_drv.o
    0x000000e0   0x0000001c   Code   RO            5    .text               startup_lpc11xx.o
    0x000000fc   0x00000024   Code   RO           23    .text               ahb_clock_ctrl.o
    0x00000120   0x00000108   Code   RO          132    .text               system_lpc11xx.o
    0x00000228   0x0000000a   Code   RO          171    .text               test_clock_source.o
    0x00000232   0x00000002   PAD
    0x00000234   0x000000ac   Code   RO          183    .text               watchdog.o
    0x000002e0   0x0000001c   Code   RO          364    i.__ARM_common_switch8  main_power.o
    0x000002fc   0x00000004   Code   RO            4    .ARM.__at_0x02FC    startup_lpc11xx.o
    0x00000300   0x0000079c   Code   RO          117    .text               lpc11cxx_gpio.o
    0x00000a9c   0x00000144   Code   RO          150    .text               systick.o
    0x00000be0   0x0000016c   Code   RO          195    .text               main.o
    0x00000d4c   0x000003f0   Code   RO          217    .text               lib.o
    0x0000113c   0x00000070   Code   RO          235    .text               interrupt.o
    0x000011ac   0x000000e0   Code   RO          247    .text               remap_interrupt.o
    0x0000128c   0x00000248   Code   RO          259    .text               uart_drv.o
    0x000014d4   0x000000d0   Code   RO          303    .text               mpu.o
    0x000015a4   0x00000458   Code   RO          322    .text               mpu_rx.o
    0x000019fc   0x00000184   Code   RO          337    .text               mpu_tx.o
    0x00001b80   0x000001a8   Code   RO          352    .text               main_power.o
    0x00001d28   0x00000120   Code   RO          372    .text               mpu_power.o
    0x00001e48   0x0000011c   Code   RO          386    .text               can_power.o
    0x00001f64   0x00000298   Code   RO          400    .text               message.o
    0x000021fc   0x0000096c   Code   RO          415    .text               can.o
    0x00002b68   0x00000ad4   Code   RO          439    .text               can_drv.o
    0x0000363c   0x00000028   Code   RO          457    .text               can_tx.o
    0x00003664   0x000000d4   Code   RO          469    .text               can_rx.o
    0x00003738   0x0000002c   Code   RO          484    .text               mc_p.l(uidiv.o)
    0x00003764   0x00000028   Code   RO          486    .text               mc_p.l(idiv.o)
    0x0000378c   0x00000024   Code   RO          495    .text               mc_p.l(init.o)
    0x000037b0   0x0000000e   Code   RO          499    i.__scatterload_copy  mc_p.l(handlers.o)
    0x000037be   0x00000002   Code   RO          500    i.__scatterload_null  mc_p.l(handlers.o)
    0x000037c0   0x0000000e   Code   RO          501    i.__scatterload_zeroinit  mc_p.l(handlers.o)
    0x000037ce   0x00000064   Data   RO          218    .constdata          lib.o
    0x00003832   0x00000002   PAD
    0x00003834   0x000000d0   Data   RO          417    .constdata          can.o
    0x00003904   0x00000020   Data   RO          497    Region$$Table       anon$$obj.o


    Execution Region RW_IRAM1 (Base: 0x10000000, Size: 0x00000c90, Max: 0x00002000, ABSOLUTE)

    Base Addr    Size         Type   Attr      Idx    E Section Name        Object

    0x10000000   0x0000000c   Data   RW          133    .data               system_lpc11xx.o
    0x1000000c   0x00000004   Data   RW          151    .data               systick.o
    0x10000010   0x00000004   Data   RW          196    .data               main.o
    0x10000014   0x00000005   Data   RW          305    .data               mpu.o
    0x10000019   0x00000001   Data   RW          323    .data               mpu_rx.o
    0x1000001a   0x00000005   Data   RW          353    .data               main_power.o
    0x1000001f   0x00000002   Data   RW          373    .data               mpu_power.o
    0x10000021   0x00000002   Data   RW          387    .data               can_power.o
    0x10000023   0x00000001   PAD
    0x10000024   0x00000008   Data   RW          402    .data               message.o
    0x1000002c   0x0000005c   Data   RW          418    .data               can.o
    0x10000088   0x0000029d   Zero   RW          260    .bss                uart_drv.o
    0x10000325   0x0000006e   Zero   RW          304    .bss                mpu.o
    0x10000393   0x00000001   PAD
    0x10000394   0x000000ba   Zero   RW          401    .bss                message.o
    0x1000044e   0x00000002   PAD
    0x10000450   0x00000640   Zero   RW          416    .bss                can.o
    0x10000a90   0x00000200   Zero   RW            1    STACK               startup_lpc11xx.o


==============================================================================

Image component sizes


      Code (inc. data)   RO Data    RW Data    ZI Data      Debug   Object Name

        36          4          0          0          0      16074   ahb_clock_ctrl.o
      2412         84        208         92       1600      13609   can.o
      2784         80          0          0          0      12170   can_drv.o
       284         20          0          2          0       1542   can_power.o
       212          6          0          0          0        672   can_rx.o
        40          0          0          0          0        664   can_tx.o
         0          0          0          0          0       4156   core_cm0.o
       112          4          0          0          0       3510   interrupt.o
      1008         10        100          0          0       7208   lib.o
      1948         64          0          0          0       6171   lpc11cxx_gpio.o
       364         34          0          4          0       1926   main.o
       452         30          0          5          0       1913   main_power.o
       664         12          0          8        186       2912   message.o
       208         18          0          5        110       4587   mpu.o
       288         20          0          2          0       1502   mpu_power.o
      1112         22          0          1          0       3102   mpu_rx.o
       388         18          0          0          0       2196   mpu_tx.o
       224          0          0          0          0       3834   remap_interrupt.o
        32          8        192          0        512        940   startup_lpc11xx.o
       264         32          0         12          0       1616   system_lpc11xx.o
       324         36          0          4          0       4098   systick.o
        10          0          0          0          0        426   test_clock_source.o
       584         34          0          0        669       9092   uart_drv.o
       172         20          0          0          0       1319   watchdog.o

    ----------------------------------------------------------------------
     13924        556        534        136       3080     105239   Object Totals
         0          0         32          0          0          0   (incl. Generated)
         2          0          2          1          3          0   (incl. Padding)

    ----------------------------------------------------------------------

      Code (inc. data)   RO Data    RW Data    ZI Data      Debug   Library Member Name

         0          0          0          0          0          0   entry.o
         8          4          0          0          0          0   entry2.o
         4          0          0          0          0          0   entry5.o
         0          0          0          0          0          0   entry7b.o
         8          4          0          0          0          0   entry8.o
        30          0          0          0          0          0   handlers.o
        40          0          0          0          0         72   idiv.o
        36          8          0          0          0         68   init.o
        44          0          0          0          0         72   uidiv.o

    ----------------------------------------------------------------------
       170         16          0          0          0        212   Library Totals
         0          0          0          0          0          0   (incl. Padding)

    ----------------------------------------------------------------------

      Code (inc. data)   RO Data    RW Data    ZI Data      Debug   Library Name

       170         16          0          0          0        212   mc_p.l

    ----------------------------------------------------------------------
       170         16          0          0          0        212   Library Totals

    ----------------------------------------------------------------------

==============================================================================


      Code (inc. data)   RO Data    RW Data    ZI Data      Debug   

     14094        572        534        136       3080     103631   Grand Totals
     14094        572        534        136       3080     103631   ELF Image Totals
     14094        572        534        136          0          0   ROM Totals

==============================================================================

    Total RO  Size (Code + RO Data)                14628 (  14.29kB)
    Total RW  Size (RW Data + ZI Data)              3216 (   3.14kB)
    Total ROM Size (Code + RO Data + RW Data)      14764 (  14.42kB)

==============================================================================

